Password: Password must be at least 8 characters long.

Backup password: 
Thank you.
