Password: 
Backup password: 
Sorry, passwords cannot be 'password'
