Password: 
Backup password: Password must be at least 8 characters long.

Thank you.
